<html>
<body>
<pre>
<h1>礦ision Build Log</h1>
<h2>Tool Versions:</h2>
IDE-Version: μVision V5.21.1.0
Copyright (C) 2016 ARM Ltd and ARM Germany GmbH. All rights reserved.
License Information: XXX AutoBVT, Microsoft, LIC=----
 
Tool Versions:
Toolchain:       MDK-ARM Plus  Version: 5.21a
Toolchain Path:  D:\Keil_v5\ARM\ARMCC\Bin
C Compiler:      Armcc.exe V5.06 update 3 (build 300)
Assembler:       Armasm.exe V5.06 update 3 (build 300)
Linker/Locator:  ArmLink.exe V5.06 update 3 (build 300)
Library Manager: ArmAr.exe V5.06 update 3 (build 300)
Hex Converter:   FromElf.exe V5.06 update 3 (build 300)
CPU DLL:         SARMCM3.DLL V5.21a
Dialog DLL:      DCM.DLL V1.13.8.0
Target DLL:      STLink\ST-LINKIII-KEIL_SWO.dll V2.0.18.0
Dialog DLL:      TCM.DLL V1.14.14.0
 
<h2>Project:</h2>
G:\滑轨平\10个传感器\BC200301\USER\TEST.uvprojx
Project File Date:  03/05/2020

<h2>Output:</h2>
*** Using Compiler 'V5.06 update 3 (build 300)', folder: 'D:\Keil_v5\ARM\ARMCC\Bin'
Rebuild target 'Target 1'
assembling startup_stm32f767xx.s...
compiling delay.c...
compiling usart.c...
compiling led.c...
compiling sys.c...
compiling key.c...
compiling test.c...
test.c(35): warning:  #167-D: argument of type "u8 *" is incompatible with parameter of type "const char *"
  	if(strstr(rBUF,s) != NULL)	//?绻??盏?指定??息
test.c(35): warning:  #167-D: argument of type "u8 *" is incompatible with parameter of type "const char *"
  	if(strstr(rBUF,s) != NULL)	//?绻??盏?指定??息
test.c: 2 warnings, 0 errors
compiling driver.c...
linking...
Program Size: Code=3352 RO-data=536 RW-data=36 ZI-data=2252  
FromELF: creating hex file...
"..\OBJ\TEST.axf" - 0 Error(s), 2 Warning(s).

<h2>Collection of Component include folders:</h2>
  G:\滑轨平\10个传感器\BC200301\USER\RTE
  D:\Keil_v5\ARM\PACK\Keil\STM32F7xx_DFP\2.7.0\Drivers\CMSIS\Device\ST\STM32F7xx\Include

<h2>Collection of Component Files used:</h2>
Build Time Elapsed:  00:00:01
</pre>
</body>
</html>
